// Jest Snapshot v1, https://goo.gl/fbAQLP

exports[`should match the expected structure for  [] 1`] = `"[[]]"`;

exports[`should match the expected structure for  [1,2,3,4,5,6,7,8,9,10,11,12,13,14,15] 1`] = `"[[\\"   \\",\\"   \\",\\"   \\",\\"   \\",\\"   \\",\\"   \\",\\"   \\",\\"   \\",\\"   \\",\\"   \\",\\"   \\",\\"   \\",\\"   \\",\\"   \\",\\"   \\",\\"   \\",\\"   \\",\\" 1 \\",\\"   \\",\\"   \\",\\"   \\",\\"   \\",\\"   \\",\\"   \\",\\"   \\",\\"   \\",\\"   \\",\\"   \\",\\"   \\",\\"   \\",\\"   \\",\\"   \\",\\"   \\",\\"   \\",\\"   \\"],[\\"   \\",\\"   \\",\\"   \\",\\"   \\",\\"   \\",\\"   \\",\\"   \\",\\"   \\",\\"   \\",\\"   \\",\\"   \\",\\"   \\",\\"   \\",\\"   \\",\\"   \\",\\"   \\",\\" / \\",\\"   \\",\\" \\\\\\\\ \\",\\"   \\",\\"   \\",\\"   \\",\\"   \\",\\"   \\",\\"   \\",\\"   \\",\\"   \\",\\"   \\",\\"   \\",\\"   \\",\\"   \\",\\"   \\",\\"   \\",\\"   \\",\\"   \\"],[\\"   \\",\\"   \\",\\"   \\",\\"   \\",\\"   \\",\\"   \\",\\"   \\",\\"   \\",\\"   \\",\\"   \\",\\"   \\",\\"   \\",\\"   \\",\\"   \\",\\"   \\",\\" / \\",\\"   \\",\\"   \\",\\"   \\",\\" \\\\\\\\ \\",\\"   \\",\\"   \\",\\"   \\",\\"   \\",\\"   \\",\\"   \\",\\"   \\",\\"   \\",\\"   \\",\\"   \\",\\"   \\",\\"   \\",\\"   \\",\\"   \\",\\"   \\"],[\\"   \\",\\"   \\",\\"   \\",\\"   \\",\\"   \\",\\"   \\",\\"   \\",\\"   \\",\\"   \\",\\"   \\",\\"   \\",\\"   \\",\\"   \\",\\"   \\",\\" / \\",\\"   \\",\\"   \\",\\"   \\",\\"   \\",\\"   \\",\\" \\\\\\\\ \\",\\"   \\",\\"   \\",\\"   \\",\\"   \\",\\"   \\",\\"   \\",\\"   \\",\\"   \\",\\"   \\",\\"   \\",\\"   \\",\\"   \\",\\"   \\",\\"   \\"],[\\"   \\",\\"   \\",\\"   \\",\\"   \\",\\"   \\",\\"   \\",\\"   \\",\\"   \\",\\"   \\",\\"   \\",\\"   \\",\\"   \\",\\"   \\",\\" / \\",\\"   \\",\\"   \\",\\"   \\",\\"   \\",\\"   \\",\\"   \\",\\"   \\",\\" \\\\\\\\ \\",\\"   \\",\\"   \\",\\"   \\",\\"   \\",\\"   \\",\\"   \\",\\"   \\",\\"   \\",\\"   \\",\\"   \\",\\"   \\",\\"   \\",\\"   \\"],[\\"   \\",\\"   \\",\\"   \\",\\"   \\",\\"   \\",\\"   \\",\\"   \\",\\"   \\",\\"   \\",\\"   \\",\\"   \\",\\"   \\",\\" / \\",\\"   \\",\\"   \\",\\"   \\",\\"   \\",\\"   \\",\\"   \\",\\"   \\",\\"   \\",\\"   \\",\\" \\\\\\\\ \\",\\"   \\",\\"   \\",\\"   \\",\\"   \\",\\"   \\",\\"   \\",\\"   \\",\\"   \\",\\"   \\",\\"   \\",\\"   \\",\\"   \\"],[\\"   \\",\\"   \\",\\"   \\",\\"   \\",\\"   \\",\\"   \\",\\"   \\",\\"   \\",\\"   \\",\\"   \\",\\"   \\",\\" / \\",\\"   \\",\\"   \\",\\"   \\",\\"   \\",\\"   \\",\\"   \\",\\"   \\",\\"   \\",\\"   \\",\\"   \\",\\"   \\",\\" \\\\\\\\ \\",\\"   \\",\\"   \\",\\"   \\",\\"   \\",\\"   \\",\\"   \\",\\"   \\",\\"   \\",\\"   \\",\\"   \\",\\"   \\"],[\\"   \\",\\"   \\",\\"   \\",\\"   \\",\\"   \\",\\"   \\",\\"   \\",\\"   \\",\\"   \\",\\"   \\",\\" / \\",\\"   \\",\\"   \\",\\"   \\",\\"   \\",\\"   \\",\\"   \\",\\"   \\",\\"   \\",\\"   \\",\\"   \\",\\"   \\",\\"   \\",\\"   \\",\\" \\\\\\\\ \\",\\"   \\",\\"   \\",\\"   \\",\\"   \\",\\"   \\",\\"   \\",\\"   \\",\\"   \\",\\"   \\",\\"   \\"],[\\"   \\",\\"   \\",\\"   \\",\\"   \\",\\"   \\",\\"   \\",\\"   \\",\\"   \\",\\"   \\",\\" / \\",\\"   \\",\\"   \\",\\"   \\",\\"   \\",\\"   \\",\\"   \\",\\"   \\",\\"   \\",\\"   \\",\\"   \\",\\"   \\",\\"   \\",\\"   \\",\\"   \\",\\"   \\",\\" \\\\\\\\ \\",\\"   \\",\\"   \\",\\"   \\",\\"   \\",\\"   \\",\\"   \\",\\"   \\",\\"   \\",\\"   \\"],[\\"   \\",\\"   \\",\\"   \\",\\"   \\",\\"   \\",\\"   \\",\\"   \\",\\"   \\",\\" 2 \\",\\"   \\",\\"   \\",\\"   \\",\\"   \\",\\"   \\",\\"   \\",\\"   \\",\\"   \\",\\"   \\",\\"   \\",\\"   \\",\\"   \\",\\"   \\",\\"   \\",\\"   \\",\\"   \\",\\"   \\",\\"3  \\",\\"   \\",\\"   \\",\\"   \\",\\"   \\",\\"   \\",\\"   \\",\\"   \\",\\"   \\"],[\\"   \\",\\"   \\",\\"   \\",\\"   \\",\\"   \\",\\"   \\",\\"   \\",\\" / \\",\\"   \\",\\" \\\\\\\\ \\",\\"   \\",\\"   \\",\\"   \\",\\"   \\",\\"   \\",\\"   \\",\\"   \\",\\"   \\",\\"   \\",\\"   \\",\\"   \\",\\"   \\",\\"   \\",\\"   \\",\\"   \\",\\" / \\",\\"   \\",\\" \\\\\\\\ \\",\\"   \\",\\"   \\",\\"   \\",\\"   \\",\\"   \\",\\"   \\",\\"   \\"],[\\"   \\",\\"   \\",\\"   \\",\\"   \\",\\"   \\",\\"   \\",\\" / \\",\\"   \\",\\"   \\",\\"   \\",\\" \\\\\\\\ \\",\\"   \\",\\"   \\",\\"   \\",\\"   \\",\\"   \\",\\"   \\",\\"   \\",\\"   \\",\\"   \\",\\"   \\",\\"   \\",\\"   \\",\\"   \\",\\" / \\",\\"   \\",\\"   \\",\\"   \\",\\" \\\\\\\\ \\",\\"   \\",\\"   \\",\\"   \\",\\"   \\",\\"   \\",\\"   \\"],[\\"   \\",\\"   \\",\\"   \\",\\"   \\",\\"   \\",\\" / \\",\\"   \\",\\"   \\",\\"   \\",\\"   \\",\\"   \\",\\" \\\\\\\\ \\",\\"   \\",\\"   \\",\\"   \\",\\"   \\",\\"   \\",\\"   \\",\\"   \\",\\"   \\",\\"   \\",\\"   \\",\\"   \\",\\" / \\",\\"   \\",\\"   \\",\\"   \\",\\"   \\",\\"   \\",\\" \\\\\\\\ \\",\\"   \\",\\"   \\",\\"   \\",\\"   \\",\\"   \\"],[\\"   \\",\\"   \\",\\"   \\",\\"   \\",\\" / \\",\\"   \\",\\"   \\",\\"   \\",\\"   \\",\\"   \\",\\"   \\",\\"   \\",\\" \\\\\\\\ \\",\\"   \\",\\"   \\",\\"   \\",\\"   \\",\\"   \\",\\"   \\",\\"   \\",\\"   \\",\\"   \\",\\" / \\",\\"   \\",\\"   \\",\\"   \\",\\"   \\",\\"   \\",\\"   \\",\\"   \\",\\" \\\\\\\\ \\",\\"   \\",\\"   \\",\\"   \\",\\"   \\"],[\\"   \\",\\"   \\",\\"   \\",\\" 4 \\",\\"   \\",\\"   \\",\\"   \\",\\"   \\",\\"   \\",\\"   \\",\\"   \\",\\"   \\",\\"   \\",\\"5  \\",\\"   \\",\\"   \\",\\"   \\",\\"   \\",\\"   \\",\\"   \\",\\"   \\",\\" 6 \\",\\"   \\",\\"   \\",\\"   \\",\\"   \\",\\"   \\",\\"   \\",\\"   \\",\\"   \\",\\"   \\",\\"7  \\",\\"   \\",\\"   \\",\\"   \\"],[\\"   \\",\\"   \\",\\" / \\",\\"   \\",\\" \\\\\\\\ \\",\\"   \\",\\"   \\",\\"   \\",\\"   \\",\\"   \\",\\"   \\",\\"   \\",\\" / \\",\\"   \\",\\" \\\\\\\\ \\",\\"   \\",\\"   \\",\\"   \\",\\"   \\",\\"   \\",\\" / \\",\\"   \\",\\" \\\\\\\\ \\",\\"   \\",\\"   \\",\\"   \\",\\"   \\",\\"   \\",\\"   \\",\\"   \\",\\" / \\",\\"   \\",\\" \\\\\\\\ \\",\\"   \\",\\"   \\"],[\\"   \\",\\" / \\",\\"   \\",\\"   \\",\\"   \\",\\" \\\\\\\\ \\",\\"   \\",\\"   \\",\\"   \\",\\"   \\",\\"   \\",\\" / \\",\\"   \\",\\"   \\",\\"   \\",\\" \\\\\\\\ \\",\\"   \\",\\"   \\",\\"   \\",\\" / \\",\\"   \\",\\"   \\",\\"   \\",\\" \\\\\\\\ \\",\\"   \\",\\"   \\",\\"   \\",\\"   \\",\\"   \\",\\" / \\",\\"   \\",\\"   \\",\\"   \\",\\" \\\\\\\\ \\",\\"   \\"],[\\" 8 \\",\\"   \\",\\"   \\",\\"   \\",\\"   \\",\\"   \\",\\"9  \\",\\"   \\",\\"   \\",\\"   \\",\\"10 \\",\\"   \\",\\"   \\",\\"   \\",\\"   \\",\\"   \\",\\"11 \\",\\"   \\",\\"12 \\",\\"   \\",\\"   \\",\\"   \\",\\"   \\",\\"   \\",\\"13 \\",\\"   \\",\\"   \\",\\"   \\",\\"14 \\",\\"   \\",\\"   \\",\\"   \\",\\"   \\",\\"   \\",\\"15 \\"]]"`;

exports[`should match the expected structure for  [1,2,3,4,5,6,7] 1`] = `"[[\\" \\",\\" \\",\\" \\",\\" \\",\\" \\",\\" \\",\\" \\",\\" \\",\\"1\\",\\" \\",\\" \\",\\" \\",\\" \\",\\" \\",\\" \\",\\" \\",\\" \\"],[\\" \\",\\" \\",\\" \\",\\" \\",\\" \\",\\" \\",\\" \\",\\"/\\",\\" \\",\\"\\\\\\\\\\",\\" \\",\\" \\",\\" \\",\\" \\",\\" \\",\\" \\",\\" \\"],[\\" \\",\\" \\",\\" \\",\\" \\",\\" \\",\\" \\",\\"/\\",\\" \\",\\" \\",\\" \\",\\"\\\\\\\\\\",\\" \\",\\" \\",\\" \\",\\" \\",\\" \\",\\" \\"],[\\" \\",\\" \\",\\" \\",\\" \\",\\" \\",\\"/\\",\\" \\",\\" \\",\\" \\",\\" \\",\\" \\",\\"\\\\\\\\\\",\\" \\",\\" \\",\\" \\",\\" \\",\\" \\"],[\\" \\",\\" \\",\\" \\",\\" \\",\\"/\\",\\" \\",\\" \\",\\" \\",\\" \\",\\" \\",\\" \\",\\" \\",\\"\\\\\\\\\\",\\" \\",\\" \\",\\" \\",\\" \\"],[\\" \\",\\" \\",\\" \\",\\"2\\",\\" \\",\\" \\",\\" \\",\\" \\",\\" \\",\\" \\",\\" \\",\\" \\",\\" \\",\\"3\\",\\" \\",\\" \\",\\" \\"],[\\" \\",\\" \\",\\"/\\",\\" \\",\\"\\\\\\\\\\",\\" \\",\\" \\",\\" \\",\\" \\",\\" \\",\\" \\",\\" \\",\\"/\\",\\" \\",\\"\\\\\\\\\\",\\" \\",\\" \\"],[\\" \\",\\"/\\",\\" \\",\\" \\",\\" \\",\\"\\\\\\\\\\",\\" \\",\\" \\",\\" \\",\\" \\",\\" \\",\\"/\\",\\" \\",\\" \\",\\" \\",\\"\\\\\\\\\\",\\" \\"],[\\"4\\",\\" \\",\\" \\",\\" \\",\\" \\",\\" \\",\\"5\\",\\" \\",\\" \\",\\" \\",\\"6\\",\\" \\",\\" \\",\\" \\",\\" \\",\\" \\",\\"7\\"]]"`;

exports[`should match the expected structure for  [1,2,3] 1`] = `"[[\\" \\",\\" \\",\\" \\",\\"1\\",\\" \\",\\" \\",\\" \\"],[\\" \\",\\" \\",\\"/\\",\\" \\",\\"\\\\\\\\\\",\\" \\",\\" \\"],[\\" \\",\\"/\\",\\" \\",\\" \\",\\" \\",\\"\\\\\\\\\\",\\" \\"],[\\"2\\",\\" \\",\\" \\",\\" \\",\\" \\",\\" \\",\\"3\\"]]"`;

exports[`should match the expected structure for  [1] 1`] = `"[[]]"`;
